// Vitest Snapshot v1

exports[`GeneralButton.vue > check snapshot 1`] = `"<button class=\\"rounded h-10 flex items-center justify-center px-4 duration-300 transition border-current border font-medium generalButton--regular\\"></button>"`;
